// Vitest Snapshot v1, https://vitest.dev/guide/snapshot.html

exports[`[generateSudoku.ts] > should generate empty sudoku grid 1`] = `undefined`;
